Starting migration test
Importing VersionManager...
SUCCESS: VersionManager imported
Test complete
